prueba
----------------------------------------
hola desde fuera
----------------------------------------
(6101225773,2,U02,3,1,1,2, ,A,150611170233,W,07037.0949,S,3329.8415)(6101225773,2,U02,3,1,1,2, ,A,150611170244,W,07037.0854,S,3329.8445)$a"Ws! F3)ÑFpÖi   c      (6101225773,2,U02,3,1,1,2, ,A,150611170255,W,07037.0855,S,3329.8448)(6101225773,2,U02,3,1,1,2, ,A,150611170306,W,07037.0855,S,3329.8448)(6101225773,2,U02,3,1,1,2, ,A,150611170317,W,07037.0855,S,3329.8448)(6101225773,2,U02,3,1,1,2, ,A,150611170328,W,07037.0785,S,3329.8423)(6101225773,2,U02,3,1,1,2, ,A,150611170339,W,07037.0785,S,3329.8423)$a"Ws! F3)Ñ#pxY    S      (6101225773,2,U02,3,1,1,2, ,A,150611170350,W,07037.0785,S,3329.8423)(6101225773,2,U02,3,1,1,2, ,A,150611170401,W,07037.0785,S,3329.8423)(6101225773,2,U02,3,1,1,2, ,A,150611170412,W,07037.0785,S,3329.8423)(6101225773,2,U02,3,1,1,2, ,A,150611170423,W,07037.0957,S,3329.8434)(6101225773,2,U02,3,1,1,2, ,A,150611170434,W,07037.0957,S,3329.8434)(6101225773,2,U02,3,1,1,2, ,A,150611170445,W,07037.0957,S,3329.8434)$a"Ws! F3)Ñ4pïy    c      (6101225773,2,U02,3,1,1,2, ,A,150611170456,W,07037.0957,S,3329.8434)(6101225773,2,U02,3,1,1,2, ,A,150611170507,W,07037.0957,S,3329.8434)(6101225773,2,U02,3,1,1,2, ,A,150611170518,W,07037.0957,S,3329.8434)(6101225773,2,U02,3,1,1,2, ,A,150611170529,W,07037.0957,S,3329.8434)(6101225773,2,U02,3,1,1,2, ,A,150611170540,W,07037.0957,S,3329.8434)$a"Ws! F3)Ñ4pïy    S      (6101225773,2,U02,3,1,1,2, ,A,150611170551,W,07037.0957,S,3329.8434)(6101225773,2,U02,3,1,1,2, ,A,150611170602,W,07037.0957,S,3329.8434)(6101225773,2,U02,3,1,1,2, ,A,150611170613,W,07037.0957,S,3329.8434)(6101225773,2,U02,3,1,1,2, ,A,150611170624,W,07037.0957,S,3329.8434)(6101225773,2,U02,3,1,1,2, ,A,150611170635,W,07037.0957,S,3329.8434)$a"Ws! F3)Ñ4pïy    S      (6101225773,2,U02,3,1,1,2, ,A,150611170646,W,07037.0957,S,3329.8434)(6101225773,2,U02,3,1,1,2, ,A,150611170657,W,07037.0957,S,3329.8434)(6101225773,2,U02,3,1,1,2, ,A,150611170708,W,07037.0957,S,3329.8434)(6101225773,2,U02,3,1,1,2, ,A,150611170719,W,07037.0957,S,3329.8434)(6101225773,2,U02,3,1,1,2, ,A,150611170730,W,07037.0957,S,3329.8434)(6101225773,2,U02,3,1,1,2, ,A,150611170741,W,07037.0957,S,3329.8434)$a"Ws! F3)Ñ4pïy    c      (6101225773,2,U02,3,1,1,2, ,A,150611170752,W,07037.0957,S,3329.8434)(6101225773,2,U02,3,1,1,2, ,A,150611170803,W,07037.0957,S,3329.8434)(6101225773,2,U02,3,1,1,2, ,A,150611170814,W,07037.0957,S,3329.8434)(6101225773,2,U02,3,1,1,2, ,A,150611170825,W,07037.0957,S,3329.8434)(6101225773,2,U02,3,1,1,2, ,A,150611170836,W,07037.0957,S,3329.8434)$a"Ws! F3)ÑpÅ)    c       (6101225773,2,U02,3,1,1,2, ,A,150611170847,W,07037.0812,S,3329.8404)(6101225773,2,U02,3,1,1,2, ,A,150611170858,W,07037.0812,S,3329.8404)(6101225773,2,U02,3,1,1,2, ,A,150611170909,W,07037.0812,S,3329.8404)(6101225773,2,U02,3,1,1,2, ,A,150611170920,W,07037.0812,S,3329.8404)(6101225773,2,U02,3,1,1,2, ,A,150611170931,W,07037.0812,S,3329.8404)(6101225773,2,U02,3,1,1,2, ,A,150611170942,W,07037.0812,S,3329.8404)$a"Ws! 	F3)ÑpÅ)    c      !(6101225773,2,U02,3,1,1,2, ,A,150611170953,W,07037.0812,S,3329.8404)(6101225773,2,U02,3,1,1,2, ,A,150611171004,W,07037.0812,S,3329.8404)(6101225773,2,U02,3,1,1,2, ,A,150611171015,W,07037.0812,S,3329.8404)(6101225773,2,U02,3,1,1,2, ,A,150611171026,W,07037.0812,S,3329.8404)(6101225773,2,U02,3,1,1,2, ,A,150611171037,W,07037.0812,S,3329.8404)$a"Ws! F3)ÑpÅ)    S      "(6101225773,2,U02,3,1,1,2, ,A,150611171048,W,07037.0812,S,3329.8404)(6101225773,2,U02,3,1,1,2, ,A,150611171059,W,07037.0812,S,3329.8404)(6101225773,2,U02,3,1,1,2, ,A,150611171110,W,07037.0812,S,3329.8404)(6101225773,2,U02,3,1,1,2, ,A,150611171121,W,07037.0812,S,3329.8404)(6101225773,2,U02,3,1,1,2, ,A,150611171132,W,07037.0812,S,3329.8404)(6101225773,2,U02,3,1,1,2, ,A,150611171143,W,07037.0812,S,3329.8404)$a"Ws! F3)ÑpÅ)    c      #(6101225773,2,U02,3,1,1,2, ,A,150611171154,W,07037.0812,S,3329.8404)(6101225773,2,U02,3,1,1,2, ,A,150611171205,W,07037.0812,S,3329.8404)(6101225773,2,U02,3,1,1,2, ,A,150611171216,W,07037.0812,S,3329.8404)----------------------------------------
(6101225773,2,U02,3,1,1,2, ,A,150611171227,W,07037.0812,S,3329.8404)(6101225773,2,U02,3,1,1,2,  ,A,150611171238,W,07037.0812,S,3329.8404)$a"Ws! F3)ÑpÅ)    c      $(6101225773,2,U02,3,1,1,2,  ,A,150611171249,W,07037.0812,S,3329.8404)(6101225773,2,U02,3,1,1,2,  ,A,150611171300,W,07037.0812,S,3329.8404)(6101225773,2,U02,3,1,1,2,  ,A,150611171311,W,07037.0812,S,3329.8404)(6101225773,2,U02,3,1,1,2,  ,A,150611171322,W,07037.0812,S,3329.8404)(6101225773,2,U02,3,1,1,2,  ,A,150611171333,W,07037.0812,S,3329.8404)(6101225773,2,U02,3,1,1,2,  ,A,150611171344,W,07037.0812,S,3329.8404)$a"Ws! F3)ÑpÅ)    c      %(6101225773,2,U02,3,1,1,2,  ,A,150611171355,W,07037.0812,S,3329.8404)(6101225773,2,U02,3,1,1,2,  ,A,150611171406,W,07037.0812,S,3329.8404)(6101225773,2,U02,3,1,1,2,  ,A,150611171417,W,07037.0812,S,3329.8404)(6101225773,2,U02,3,1,1,2,  ,A,150611171428,W,07037.0812,S,3329.8404)(6101225773,2,U02,3,1,1,2,  ,A,150611171439,W,07037.0812,S,3329.8404)$a"Ws! F3)ÑpÅ)    c      &(6101225773,2,U02,3,1,1,2,  ,A,150611171450,W,07037.0812,S,3329.8404)----------------------------------------
lala
----------------------------------------
(6101225773,2,U02,3,1,1,2,  ,A,150611171501,W,07037.0812,S,3329.8404)(6101225773,2,U02,3,1,1,2,  ,A,150611171512,W,07037.0812,S,3329.8404)(6101225773,2,U02,3,1,1,2,  ,A,150611171523,W,07037.0812,S,3329.8404)(6101225773,2,U02,3,1,1,2,  ,A,150611171534,W,07037.0812,S,3329.8404)----------------------------------------
$a"Ws! F3)ÑpÅ)    £      '(6101225773,2,U02,3,1,1,2,  ,A,150611171546,W,07037.0812,S,3329.8404)(6101225773,2,U02,3,1,1,2,  ,A,150611171557,W,07037.0812,S,3329.8404)(6101225773,2,U02,3,1,1,2,  ,A,150611171608,W,07037.0812,S,3329.8404)----------------------------------------
(6101225773,2,U02,3,1,1,2,  ,A,150611171619,W,07037.0812,S,3329.8404)(6101225773,2,U02,3,1,1,2,  ,A,150611171630,W,07037.0812,S,3329.8404)(6101225773,2,U02,3,1,1,2,  ,A,150611171641,W,07037.0812,S,3329.8404)$a"Ws! F3)ÑpÅ)    c      ((6101225773,2,U02,3,1,1,2,  ,A,150611171652,W,07037.0812,S,3329.8404)----------------------------------------
(6101225773,2,U02,3,1,1,2,  ,A,150611171703,W,07037.0812,S,3329.8404)
----------------------------------------
(6101225773,2,U02,3,1,1,2,  ,A,150611171714,W,07037.0812,S,3329.8404)(6101225773,2,U02,3,1,1,2,  ,A,150611171725,W,07037.0882,S,3329.8455)
----------------------------------------
(6101225773,2,U02,3,1,1,2,  ,A,150611171736,W,07037.0886,S,3329.8456)$a"Ws! F3)ÑVpài    S      )
----------------------------------------
(6101225773,2,U02,3,1,1,2,  ,A,150611171747,W,07037.0886,S,3329.8456)
----------------------------------------

----------------------------------------
(6101225773,2,U02,3,1,1,2,  ,A,150611171759,W,07037.0886,S,3329.8456)
----------------------------------------

----------------------------------------
(6101225773,2,U02,3,1,1,2,  ,A,150611171810,W,07037.0886,S,3329.8456)
----------------------------------------
(6101225773,2,U02,3,1,1,2,  ,A,150611171821,W,07037.0886,S,3329.8456)
----------------------------------------
(6101225773,2,U02,3,1,1,2,  ,A,150611171832,W,07037.0886,S,3329.8456)(6101225773,2,U02,3,1,1,2,  ,A,150611171843,W,07037.0886,S,3329.8456)$a"Ws! F3)ÑVpài    c      *(6101225773,2,U02,3,1,1,2, ,A,150611171854,W,07037.0886,S,3329.8456)(6101225773,2,U02,3,1,1,2, ,A,150611171905,W,07037.0886,S,3329.8456)(6101225773,2,U02,3,1,1,2, ,A,150611171916,W,07037.0886,S,3329.8456)(6101225773,2,U02,3,1,1,2, ,A,150611171927,W,07037.0886,S,3329.8456)(6101225773,2,U02,3,1,1,2,,A,150611171938,W,07037.0886,S,3329.8456)$a"Ws! F3)ÑVpài    c      +(6101225773,2,U02,3,1,1,2,,A,150611171949,W,07037.0886,S,3329.8456)(6101225773,2,U02,3,1,1,2,,A,150611172000,W,07037.0886,S,3329.8456)(6101225773,2,U02,3,1,1,2,,A,150611172011,W,07037.0886,S,3329.8456)(6101225773,2,U02,3,1,1,2,,A,150611172022,W,07037.0886,S,3329.8456)(6101225773,2,U02,3,1,1,2,,A,150611172033,W,07037.0886,S,3329.8456)(6101225773,2,U02,3,1,1,2,,A,150611172044,W,07037.0886,S,3329.8456)$a"Ws!  F3)ÑVpài    c      ,(6101225773,2,U02,3,1,1,2,,A,150611172055,W,07037.0886,S,3329.8456)(6101225773,2,U02,3,1,1,2,,A,150611172106,W,07037.0886,S,3329.8456)(6101225773,2,U02,3,1,1,2,,A,150611172117,W,07037.0886,S,3329.8456)(6101225773,2,U02,3,1,1,2,,A,150611172128,W,07037.0886,S,3329.8456)(6101225773,2,U02,3,1,1,2,,A,150611172139,W,07037.0886,S,3329.8456)$a"Ws! !F3)ÑVpài    c      -(6101225773,2,U02,3,1,1,2,,A,150611172150,W,07037.0886,S,3329.8456)(6101225773,2,U02,3,1,1,2,,A,150611172201,W,07037.0886,S,3329.8456)(6101225773,2,U02,3,1,1,2,,A,150611172212,W,07037.0886,S,3329.8456)(6101225773,2,U02,3,1,1,2,,A,150611172223,W,07037.0886,S,3329.8456)(6101225773,2,U02,3,1,1,2,,A,150611172234,W,07037.0886,S,3329.8456)(6101225773,2,U02,3,1,1,2,,A,150611172245,W,07037.0886,S,3329.8456)$a"Ws! "F3)ÑVpài    c      .(6101225773,2,U02,3,1,1,2,,A,150611172256,W,07037.0886,S,3329.8456)(6101225773,2,U02,3,1,1,2,,A,150611172307,W,07037.0886,S,3329.8456)(6101225773,2,U02,3,1,1,2,,A,150611172318,W,07037.0886,S,3329.8456)(6101225773,2,U02,3,1,1,2,,A,150611172329,W,07037.0886,S,3329.8456)(6101225773,2,U02,3,1,1,2,,A,150611172340,W,07037.0886,S,3329.8456)$a"Ws! #F3)ÑVpài    c      /(6101225773,2,U02,3,1,1,2,,A,150611172351,W,07037.0886,S,3329.8456)(6101225773,2,U02,3,1,1,2,,A,150611172402,W,07037.0886,S,3329.8456)(6101225773,2,U02,3,1,1,2,,A,150611172413,W,07037.0886,S,3329.8456)(6101225773,2,U02,3,1,1,2,,A,150611172424,W,07037.0886,S,3329.8456)(6101225773,2,U02,3,1,1,2,,A,150611172435,W,07037.0886,S,3329.8456)$a"Ws! $F3)ÑVpài    c      0(6101225773,2,U02,3,1,1,2,,A,150611172446,W,07037.0886,S,3329.8456)
----------------------------------------
(6101225773,2,U02,3,1,1,2,,A,150611172457,W,07037.0886,S,3329.8456)(6101225773,2,U02,3,1,1,2,,A,150611172508,W,07037.0886,S,3329.8456)(6101225773,2,U02,3,1,1,2,,A,150611172519,W,07037.0886,S,3329.8456)(6101225773,2,U02,3,1,1,2,  ,A,150611172530,W,07037.0886,S,3329.8456)(6101225773,2,U02,3,1,1,2,  ,A,150611172541,W,07037.0886,S,3329.8456)$a"Ws! %F3)ÑVpài    c      1
----------------------------------------
(6101225773,2,U02,3,1,1,2,  ,A,150611172552,W,07037.0886,S,3329.8456)(6101225773,2,U02,3,1,1,2,  ,A,150611172603,W,07037.0886,S,3329.8456)
----------------------------------------
(6101225773,2,U02,3,1,1,2,  ,A,150611172615,W,07037.0886,S,3329.8456)(6101225773,2,U02,3,1,1,2,  ,A,150611172626,W,07037.0886,S,3329.8456)(6101225773,2,U02,3,1,1,2,  ,A,150611172637,W,07037.0886,S,3329.8456)$a"Ws! &F3)ÑVpài    c      2(6101225773,2,U02,3,1,1,2,  ,A,150611172648,W,07037.0886,S,3329.8456)(6101225773,2,U02,3,1,1,2,  ,A,150611172659,W,07037.0886,S,3329.8456)(6101225773,2,U02,3,1,1,2,  ,A,150611172710,W,07037.0886,S,3329.8456)(6101225773,2,U02,3,1,1,2,  ,A,150611172721,W,07037.0886,S,3329.8456)(6101225773,2,U02,3,1,1,2,  ,A,150611172732,W,07037.0886,S,3329.8456)(6101225773,2,U02,3,1,1,2,  ,A,150611172743,W,07037.0886,S,3329.8456)
----------------------------------------
(6101225444,2,U02,3,1,1,2,  ,A,150611172911,W,07037.0916,S,3329.8358)(6101225444,2,U02,3,1,1,2,  ,A,150611172922,W,07037.0958,S,3329.8381)
----------------------------------------
(6101225444,2,U02,3,1,1,2,  ,A,150611172934,W,07037.0955,S,3329.8378)(6101225444,2,U02,3,1,1,2,  ,A,150611172945,W,07037.0955,S,3329.8378)(6101225444,2,U02,3,1,1,2,  ,A,150611172956,W,07037.0955,S,3329.8378)(6101225444,2,U02,3,1,1,2,  ,A,150611173007,W,07037.0955,S,3329.8378)
----------------------------------------
(6101225773,2,U02,3,1,1,2,  ,A,150611172754,W,07037.0886,S,3329.8456)(6101225773,2,U02,3,1,1,2,  ,A,150611172805,W,07037.0886,S,3329.8456)(6101225773,2,U02,3,1,1,2,  ,A,150611172817,W,07037.0886,S,3329.8456)(6101225773,2,U02,3,1,1,2,  ,A,150611172828,W,07037.0886,S,3329.8456)(6101225773,2,U02,3,1,1,2,  ,A,150611172839,W,07037.0886,S,3329.8456)(6101225773,2,U02,3,1,1,2,  ,A,150611172850,W,07037.0886,S,3329.8456)(6101225773,2,U02,3,1,1,2,  ,A,150611172901,W,07037.0886,S,3329.8456)(6101225773,2,U02,3,1,1,2,  ,A,150611172912,W,07037.0886,S,3329.8456)(6101225773,2,U02,3,1,1,2,  ,A,150611172923,W,07037.0886,S,3329.8456)(6101225773,2,U02,3,1,1,2,  ,A,150611172934,W,07037.0886,S,3329.8456)(6101225773,2,U02,3,1,1,2,  ,A,150611172945,W,07037.0886,S,3329.8456)(6101225773,2,U02,3,1,1,2,  ,A,150611172956,W,07037.0886,S,3329.8456)(6101225773,2,U02,3,1,1,2,  ,A,150611173007,W,07037.0886,S,3329.8456)(6101225773,2,U02,3,1,1,2,  ,A,150611173018,W,07037.0886,S,3329.8456)
----------------------------------------
(6101225773,2,U04,000)
----------------------------------------
(6101225444,2,U04,000)(6101225444,2,U01,000,3,11,A,150611173240,W,07037.0926,S,3329.8401,65535,12,164)
----------------------------------------

----------------------------------------

----------------------------------------

----------------------------------------
(6101225444,2,U01,000,1,0)(6101225444,2,U01,000,3,11,A,150611173240,W,07037.0926,S,3329.8401,65535,12,164)
----------------------------------------

----------------------------------------

----------------------------------------

----------------------------------------
(6101225444,2,U01,000,2,0)(6101225444,2,U01,000,1,0)(6101225444,2,U01,000,3,11,A,150611173240,W,07037.0926,S,3329.8401,65535,12,164)
----------------------------------------

----------------------------------------

----------------------------------------

----------------------------------------
(6101225444,2,U01,000,2,0)(6101225444,2,U01,000,2,0)(6101225444,2,U01,000,1,0)(6101225444,2,U01,000,3,11,A,150611173240,W,07037.0926,S,3329.8401,65535,12,164)
----------------------------------------

----------------------------------------

----------------------------------------

----------------------------------------

----------------------------------------
(6101225444,2,U01,000,2,0)(6101225444,2,U01,000,2,0)(6101225444,2,U01,000,2,0)(6101225444,2,U01,000,1,0)(6101225444,2,U01,000,3,11,A,150611173240,W,07037.0926,S,3329.8401,65535,12,164)
----------------------------------------

----------------------------------------

----------------------------------------

----------------------------------------
(6101225444,2,U01,000,2,0)(6101225444,2,U01,000,2,0)(6101225444,2,U01,000,2,0)(6101225444,2,U01,000,2,0)(6101225444,2,U01,000,3,11,A,150611173240,W,07037.0926,S,3329.8401,65535,12,164)
----------------------------------------

----------------------------------------

----------------------------------------

----------------------------------------
(6101225444,2,U01,000,2,0)(6101225444,2,U01,000,2,0)(6101225444,2,U01,000,2,0)(6101225444,2,U01,000,2,0)(6101225444,2,U01,000,3,11,A,150611173240,W,07037.0926,S,3329.8401,65535,12,164)
----------------------------------------

----------------------------------------

----------------------------------------

----------------------------------------
(6101225444,2,U01,000,2,0)(6101225444,2,U01,000,2,0)(6101225444,2,U01,000,2,0)(6101225444,2,U01,000,2,0)
----------------------------------------

----------------------------------------

----------------------------------------

----------------------------------------
(6101225444,2,U01,000,2,0)(6101225444,2,U01,000,2,0)(6101225444,2,U01,000,2,0)(6101225444,2,U01,000,2,0)
----------------------------------------

----------------------------------------

----------------------------------------

----------------------------------------
(6101225444,2,U01,000,2,0)(6101225444,2,U01,000,2,0)(6101225444,2,U01,000,2,0)(6101225444,2,U01,000,2,0)
----------------------------------------

----------------------------------------

----------------------------------------

----------------------------------------
(6101225444,2,U01,000,2,0)(6101225444,2,U01,000,2,0)(6101225444,2,U01,000,2,0)(6101225444,2,U01,000,2,0)
----------------------------------------

----------------------------------------

----------------------------------------

----------------------------------------

----------------------------------------
(6101225444,2,U01,000,3,11,A,150611173240,W,07037.0926,S,3329.8401,65535,12,164)
----------------------------------------

----------------------------------------

----------------------------------------

----------------------------------------
(6101225444,2,U01,000,1,0)(6101225444,2,U01,000,3,11,A,150611173240,W,07037.0926,S,3329.8401,65535,12,164)
----------------------------------------

----------------------------------------

----------------------------------------

----------------------------------------

----------------------------------------
(6101225444,2,U01,000,2,0)(6101225444,2,U01,000,1,0)(6101225444,2,U01,000,3,11,A,150611173240,W,07037.0926,S,3329.8401,65535,12,164)
----------------------------------------

----------------------------------------

----------------------------------------

----------------------------------------
(6101225444,2,U01,000,2,0)(6101225444,2,U01,000,2,0)(6101225444,2,U01,000,1,0)(6101225444,2,U01,000,3,11,A,150611173240,W,07037.0926,S,3329.8401,65535,12,164)
----------------------------------------

----------------------------------------

----------------------------------------

----------------------------------------
(6101225444,2,U01,000,2,0)(6101225444,2,U01,000,2,0)(6101225444,2,U01,000,2,0)(6101225444,2,U01,000,1,0)(6101225444,2,U01,000,3,11,A,150611173240,W,07037.0926,S,3329.8401,65535,12,164)
----------------------------------------

----------------------------------------

----------------------------------------

----------------------------------------
(6101225444,2,U01,000,2,0)(6101225444,2,U01,000,2,0)(6101225444,2,U01,000,2,0)(6101225444,2,U01,000,2,0)(6101225444,2,U01,000,3,11,A,150611173240,W,07037.0926,S,3329.8401,65535,12,164)
----------------------------------------
$$B0356896030078977|01$GPRMC,174845.000,A,3329.8279,S,07037.0856,W,0.00,,150611,,*1C|01.7|01.0|01.4|000000000000|20110615174845|13791234|00000000|F295D7EE|0000|0.0000|0001|85A2

----------------------------------------

----------------------------------------
$$B0356896030078977|01$GPRMC,175228.000,A,3329.8279,S,07037.0856,W,0.00,,150611,,*1C|01.7|01.0|01.4|000000000000|20110615175228|13851234|00000000|F295D7EE|0000|0.0000|0002|90AA

----------------------------------------

----------------------------------------

----------------------------------------
(6101225444,2,U01,000,2,0)(6101225444,2,U01,000,2,0)(6101225444,2,U01,000,2,0)(6101225444,2,U01,000,2,0)(6101225444,2,U01,000,3,11,A,150611173240,W,07037.0926,S,3329.8401,65535,12,164)
----------------------------------------

----------------------------------------

----------------------------------------
$$B0356896030078977|AA$GPRMC,175229.000,A,3329.8279,S,07037.0856,W,0.00,,150611,,*1D|01.7|01.0|01.4|000000000000|20110615175228|13851234|00000000|F295D7EE|0000|0.0000|0003|0559

----------------------------------------
(6101225773,2,U04,000)
----------------------------------------

----------------------------------------

----------------------------------------

----------------------------------------

----------------------------------------

----------------------------------------

----------------------------------------

----------------------------------------
$$B0356896030078977|01$GPRMC,175333.000,A,3329.8279,S,07037.0856,W,0.00,,150611,,*17|01.8|01.2|01.3|000000000000|20110615175333|13851237|00000000|F295D779|0000|0.0000|0004|1443

----------------------------------------

----------------------------------------

----------------------------------------

----------------------------------------

----------------------------------------

----------------------------------------

----------------------------------------

----------------------------------------

----------------------------------------

----------------------------------------

----------------------------------------
$$B0356896030078977|01$GPRMC,175351.000,A,3329.8279,S,07037.0856,W,0.00,,150611,,*13|01.8|01.2|01.3|000000000000|20110615175350|13851234|00000000|F295D779|0000|0.0000|0005|6FD4

----------------------------------------

----------------------------------------

----------------------------------------

----------------------------------------

----------------------------------------

----------------------------------------

----------------------------------------

----------------------------------------

----------------------------------------
$$B0356896030078977|AA$GPRMC,175742.000,A,3329.8279,S,07037.0856,W,0.00,,150611,,*15|01.5|00.9|01.2|000000000000|20110615175742|13901234|00000000|F295D7EE|0000|0.0000|0006|37D0

----------------------------------------

----------------------------------------

----------------------------------------

----------------------------------------

----------------------------------------

----------------------------------------

----------------------------------------

----------------------------------------

----------------------------------------

----------------------------------------

----------------------------------------


----------------------------------------

----------------------------------------

----------------------------------------

----------------------------------------

----------------------------------------

----------------------------------------

----------------------------------------

----------------------------------------

----------------------------------------

----------------------------------------

----------------------------------------
$$B0356896030078977|AA$GPRMC,180811.000,A,3329.8279,S,07037.0856,W,0.00,,150611,,*16|01.5|00.9|01.2|000000000000|20110615180811|13981232|00000000|F295D7EE|0000|0.0000|0008|277B

----------------------------------------

----------------------------------------

----------------------------------------

----------------------------------------

----------------------------------------

----------------------------------------

----------------------------------------

----------------------------------------

----------------------------------------
$$B0356896030078977|AA$GPRMC,181324.000,A,3329.8279,S,07037.0856,W,0.00,,150611,,*1A|01.5|00.9|01.2|000000000000|20110615181324|14041234|00000000|F295D7EE|0000|0.0000|0009|A4F4

----------------------------------------

----------------------------------------

----------------------------------------

----------------------------------------

----------------------------------------

----------------------------------------

----------------------------------------

----------------------------------------

----------------------------------------

----------------------------------------

----------------------------------------
$$B0356896030078977|AA$GPRMC,181839.000,A,3329.8279,S,07037.0856,W,0.00,,150611,,*1D|01.5|00.9|01.2|000000000000|20110615181839|14041232|00000000|F295D7EE|0000|0.0000|0010|0D2D

----------------------------------------

----------------------------------------

----------------------------------------

----------------------------------------

----------------------------------------

----------------------------------------

----------------------------------------

----------------------------------------

----------------------------------------

----------------------------------------
$$B0356896030078977|AA$GPRMC,182355.000,A,3329.8279,S,07037.0856,W,0.00,,150611,,*1F|01.3|00.8|01.1|000000000000|20110615182355|14041229|00000000|F295D7EE|0000|0.0000|0011|3544

----------------------------------------

----------------------------------------

----------------------------------------

----------------------------------------

----------------------------------------

----------------------------------------

----------------------------------------

----------------------------------------

----------------------------------------

----------------------------------------
$$B0356896030078977|AA$GPRMC,182910.000,A,3329.8279,S,07037.0856,W,0.00,,150611,,*14|01.8|01.0|01.5|000000000000|20110615182910|14071229|00000000|F295D7EE|0000|0.0000|0012|8992

----------------------------------------

----------------------------------------

----------------------------------------

----------------------------------------

----------------------------------------

----------------------------------------

----------------------------------------

----------------------------------------

----------------------------------------

----------------------------------------

----------------------------------------
$$B0356896030078977|AA$GPRMC,183424.000,A,3329.8279,S,07037.0856,W,0.00,,150611,,*1F|01.7|01.0|01.4|000000000000|20110615183424|14121229|00000000|F295D7F3|0000|0.0000|0013|C1A1

----------------------------------------

----------------------------------------

----------------------------------------

----------------------------------------

----------------------------------------

----------------------------------------

----------------------------------------

----------------------------------------

----------------------------------------
$$B0356896030078977|AA$GPRMC,183939.000,A,3329.8279,S,07037.0856,W,0.00,,150611,,*1E|02.1|01.1|01.8|000000000000|20110615183939|14181223|00000000|F295D7EE|0000|0.0000|0014|16EE

----------------------------------------

----------------------------------------

----------------------------------------

----------------------------------------

----------------------------------------

----------------------------------------

----------------------------------------

----------------------------------------

----------------------------------------

----------------------------------------

----------------------------------------
$$B0356896030078977|AA$GPRMC,184454.000,A,3329.8279,S,07037.0856,W,0.00,,150611,,*1F|02.1|01.0|01.8|000000000000|20110615184454|14181229|00000000|F295D7EE|0000|0.0000|0015|5FB6

----------------------------------------

----------------------------------------

----------------------------------------

----------------------------------------

----------------------------------------

----------------------------------------

----------------------------------------

----------------------------------------

----------------------------------------

----------------------------------------

----------------------------------------
$$B0356896030078977|AA$GPRMC,185009.000,A,3329.8279,S,07037.0856,W,0.00,,150611,,*12|02.8|01.0|02.6|000000000000|20110615185009|14181232|00000000|F295D7EE|0000|0.0000|0016|B26F

----------------------------------------

----------------------------------------

----------------------------------------

----------------------------------------

----------------------------------------

----------------------------------------

----------------------------------------

----------------------------------------

----------------------------------------
$$B0356896030078977|AA$GPRMC,185522.000,A,3329.8279,S,07037.0856,W,0.00,,150611,,*1E|02.1|00.9|01.9|000000000000|20110615185522|14201234|00000000|F295D7F3|0000|0.0000|0017|97E5

----------------------------------------

----------------------------------------

----------------------------------------

----------------------------------------

----------------------------------------

----------------------------------------

----------------------------------------

----------------------------------------

----------------------------------------

----------------------------------------

----------------------------------------
$$B0356896030078977|AA$GPRMC,190038.000,A,3329.8279,S,07037.0856,W,0.00,,150611,,*14|02.1|00.9|01.9|000000000000|20110615190037|14201234|00000000|F295D7EE|0000|0.0000|0018|42D5

----------------------------------------

----------------------------------------

----------------------------------------

----------------------------------------

----------------------------------------

----------------------------------------

----------------------------------------

----------------------------------------

----------------------------------------

----------------------------------------
$$B0356896030078977|AA$GPRMC,190551.000,A,3329.8279,S,07037.0856,W,0.00,,150611,,*1E|02.1|00.9|01.9|000000000000|20110615190551|14261240|00000000|F295D7F3|0000|0.0000|0019|0247

----------------------------------------

----------------------------------------

----------------------------------------

----------------------------------------

----------------------------------------

----------------------------------------

----------------------------------------

----------------------------------------

----------------------------------------

----------------------------------------
$$B0356896030078977|AA$GPRMC,191104.000,A,3329.8279,S,07037.0856,W,0.00,,150611,,*1B|02.1|00.9|01.9|000000000000|20110615191104|14261240|00000000|F295D7EE|0000|0.0000|0020|A118

----------------------------------------

----------------------------------------

----------------------------------------

----------------------------------------

----------------------------------------

----------------------------------------

----------------------------------------

----------------------------------------

----------------------------------------

----------------------------------------

----------------------------------------
$$B0356896030078977|AA$GPRMC,191619.000,A,3329.8279,S,07037.0856,W,0.00,,150611,,*10|02.1|00.9|01.9|000000000000|20110615191618|14261245|00000000|F295D7EE|0000|0.0000|0021|87FB

----------------------------------------

----------------------------------------

----------------------------------------

----------------------------------------

----------------------------------------

----------------------------------------

----------------------------------------

----------------------------------------

----------------------------------------
$$B0356896030078977|AA$GPRMC,192133.000,A,3329.8279,S,07037.0856,W,0.00,,150611,,*1C|02.1|00.9|01.9|000000000000|20110615192133|14291243|00000000|F295D7EE|0000|0.0000|0022|17EF

----------------------------------------

----------------------------------------

----------------------------------------

----------------------------------------

----------------------------------------

----------------------------------------

----------------------------------------

----------------------------------------

----------------------------------------
